ESP-ROM:esp32s3-20210327
Build:Mar 27 2021
rst:0x1 (POWERON),boot:0x29 (SPI_FAST_FLASH_BOOT)
SPIWP:0xee
mode:DIO, clock div:1
load:0x3fce2820,len:0x1918
load:0x403c8700,len:0x4
load:0x403c8704,len:0xe5c
load:0x403cb700,len:0x303c
entry 0x403c893c
[0;32mI (27) boot: ESP-IDF v5.3.1-dirty 2nd stage bootloader[0m
[0;32mI (27) boot: compile time Nov  4 2025 20:10:18[0m
[0;32mI (27) boot: Multicore bootloader[0m
[0;32mI (30) boot: chip revision: v0.2[0m
[0;32mI (34) qio_mode: Enabling default flash chip QIO[0m
[0;32mI (40) boot.esp32s3: Boot SPI Speed : 80MHz[0m
[0;32mI (44) boot.esp32s3: SPI Mode       : QIO[0m
[0;32mI (49) boot.esp32s3: SPI Flash Size : 16MB[0m
[0;32mI (54) boot: Enabling RNG early entropy source...[0m
[0;32mI (59) boot: Partition Table:[0m
[0;32mI (63) boot: ## Label            Usage          Type ST Offset   Length[0m
[0;32mI (70) boot:  0 nvs              WiFi data        01 02 00010000 00006000[0m
[0;32mI (78) boot:  1 fctry            WiFi data        01 02 00016000 00006000[0m
[0;32mI (85) boot:  2 factory          factory app      00 00 00020000 00400000[0m
[0;32mI (93) boot:  3 storage          Unknown data     01 82 00420000 00600000[0m
[0;32mI (100) boot:  4 model            Unknown data     01 82 00a20000 0050c000[0m
[0;32mI (108) boot: End of partition table[0m
[0;32mI (112) esp_image: segment 0: paddr=00020020 vaddr=3c0a0020 size=219f8h (137720) map[0m
[0;32mI (141) esp_image: segment 1: paddr=00041a20 vaddr=3fc96a00 size=05b84h ( 23428) load[0m
[0;32mI (146) esp_image: segment 2: paddr=000475ac vaddr=40374000 size=08a6ch ( 35436) load[0m
[0;32mI (154) esp_image: segment 3: paddr=00050020 vaddr=42000020 size=910d0h (594128) map[0m
[0;32mI (246) esp_image: segment 4: paddr=000e10f8 vaddr=4037ca6c size=09f00h ( 40704) load[0m
[0;32mI (262) boot: Loaded app from partition at offset 0x20000[0m
[0;32mI (262) boot: Disabling RNG early entropy source...[0m
[0;33mW (274) flash HPM: HPM mode is optional feature that depends on flash model. Read Docs First![0m
[0;33mW (274) flash HPM: HPM mode with DC adjustment is disabled. Some flash models may not be supported. Read Docs First![0m
[0;33mW (283) flash HPM: High performance mode of this flash model hasn't been supported.[0m
[0;32mI (291) MSPI Timing: Flash timing tuning index: 2[0m
[0;32mI (297) octal_psram: vendor id    : 0x0d (AP)[0m
[0;32mI (302) octal_psram: dev id       : 0x02 (generation 3)[0m
[0;32mI (307) octal_psram: density      : 0x03 (64 Mbit)[0m
[0;32mI (313) octal_psram: good-die     : 0x01 (Pass)[0m
[0;32mI (318) octal_psram: Latency      : 0x01 (Fixed)[0m
[0;32mI (323) octal_psram: VCC          : 0x01 (3V)[0m
[0;32mI (328) octal_psram: SRF          : 0x01 (Fast Refresh)[0m
[0;32mI (334) octal_psram: BurstType    : 0x01 (Hybrid Wrap)[0m
[0;32mI (340) octal_psram: BurstLen     : 0x01 (32 Byte)[0m
[0;32mI (346) octal_psram: Readlatency  : 0x02 (10 cycles@Fixed)[0m
[0;32mI (352) octal_psram: DriveStrength: 0x00 (1/1)[0m
[0;32mI (363) MSPI Timing: PSRAM timing tuning index: 1[0m
[0;32mI (363) esp_psram: Found 8MB PSRAM device[0m
[0;32mI (367) esp_psram: Speed: 120MHz[0m
[0;32mI (380) mmu_psram: Read only data copied and mapped to SPIRAM[0m
[0;32mI (415) mmu_psram: Instructions copied and mapped to SPIRAM[0m
[0;32mI (416) cpu_start: Multicore app[0m
[0;32mI (606) esp_psram: SPI SRAM memory test OK[0m
[0;32mI (614) cpu_start: Pro cpu start user code[0m
[0;32mI (614) cpu_start: cpu freq: 240000000 Hz[0m
[0;32mI (614) app_init: Application information:[0m
[0;32mI (617) app_init: Project name:     AI_toy[0m
[0;32mI (622) app_init: App version:      1[0m
[0;32mI (626) app_init: Compile time:     Nov  4 2025 21:32:56[0m
[0;32mI (632) app_init: ELF file SHA256:  5f04f9647...[0m
[0;32mI (638) app_init: ESP-IDF:          v5.3.1-dirty[0m
[0;32mI (643) efuse_init: Min chip rev:     v0.0[0m
[0;32mI (648) efuse_init: Max chip rev:     v0.99 [0m
[0;32mI (653) efuse_init: Chip rev:         v0.2[0m
[0;32mI (657) heap_init: Initializing. RAM available for dynamic allocation:[0m
[0;32mI (665) heap_init: At 3FCA0268 len 000494A8 (293 KiB): RAM[0m
[0;32mI (671) heap_init: At 3FCE9710 len 00005724 (21 KiB): RAM[0m
[0;32mI (677) heap_init: At 600FE100 len 00001EE8 (7 KiB): RTCRAM[0m
[0;32mI (683) esp_psram: Adding pool of 7360K of PSRAM memory to heap allocator[0m
[0;32mI (691) spi_flash: detected chip: generic[0m
[0;32mI (695) spi_flash: flash io: qio[0m
[0;32mI (699) sleep: Configure to isolate all GPIO pins in sleep state[0m
[0;32mI (706) sleep: Enable automatic switching of GPIO sleep configuration[0m
[0;32mI (713) coexist: coex firmware version: 4482466[0m
[0;32mI (733) coexist: coexist rom version e7ae62f[0m
[0;32mI (734) main_task: Started on CPU0[0m
[0;32mI (735) esp_psram: Reserving pool of 32K of internal memory for DMA/internal allocations[0m
[0;32mI (740) main_task: Calling app_main()[0m
ESP_ERROR_CHECK failed: esp_err_t 0x103 (ESP_ERR_INVALID_STATE) at 0x4202ab3f
file: "/IDF/components/esp_wifi/src/wifi_default.c" line 390
func: esp_netif_create_default_wifi_sta
expression: esp_wifi_set_default_wifi_sta_handlers()

abort() was called at PC 0x4037e017 on core 0


Backtrace: 0x40375f26:0x3fca3b60 0x4037e021:0x3fca3b80 0x40384752:0x3fca3ba0 0x4037e017:0x3fca3c10 0x4202ab3f:0x3fca3c40 0x4200b14e:0x3fca3c70 0x4200ac9f:0x3fca3e50 0x420903b7:0x3fca3e70




ELF file SHA256: 5f04f9647

Rebooting...
ï¿½ï¿½ï¿½ESP-ROM:esp32s3-20210327
Build:Mar 27 2021
rst:0xc (RTC_SW_CPU_RST),boot:0x29 (SPI_FAST_FLASH_BOOT)
Saved PC:0x40375e84
SPIWP:0xee
mode:DIO, clock div:1
load:0x3fce2820,len:0x1918
load:0x403c8700,len:0x4
load:0x403c8704,len:0xe5c
load:0x403cb700,len:0x303c
entry 0x403c893c
[0;32mI (31) boot: ESP-IDF v5.3.1-dirty 2nd stage bootloader[0m
[0;32mI (31) boot: compile time Nov  4 2025 20:10:18[0m
[0;32mI (31) boot: Multicore bootloader[0m
[0;32mI (35) boot: chip revision: v0.2[0m
[0;32mI (39) qio_mode: Enabling default flash chip QIO[0m
[0;32mI (44) boot.esp32s3: Boot SPI Speed : 80MHz[0m
[0;32mI (49) boot.esp32s3: SPI Mode       : QIO[0m
[0;32mI (54) boot.esp32s3: SPI Flash Size : 16MB[0m
[0;32mI (58) boot: Enabling RNG early entropy source...[0m
[0;32mI (64) boot: Partition Table:[0m
[0;32mI (67) boot: ## Label            Usage          Type ST Offset   Length[0m
[0;32mI (75) boot:  0 nvs              WiFi data        01 02 00010000 00006000[0m
[0;32mI (82) boot:  1 fctry            WiFi data        01 02 00016000 00006000[0m
[0;32mI (90) boot:  2 factory          factory app      00 00 00020000 00400000[0m
[0;32mI (97) boot:  3 storage          Unknown data     01 82 00420000 00600000[0m
[0;32mI (104) boot:  4 model            Unknown data     01 82 00a20000 0050c000[0m
[0;32mI (112) boot: End of partition table[0m
[0;32mI (116) esp_image: segment 0: paddr=00020020 vaddr=3c0a0020 size=219f8h (137720) map[0m
[0;32mI (146) esp_image: segment 1: paddr=00041a20 vaddr=3fc96a00 size=05b84h ( 23428) load[0m
[0;32mI (150) esp_image: segment 2: paddr=000475ac vaddr=40374000 size=08a6ch ( 35436) load[0m
[0;32mI (158) esp_image: segment 3: paddr=00050020 vaddr=42000020 size=910d0h (594128) map[0m
[0;32mI (250) esp_image: segment 4: paddr=000e10f8 vaddr=4037ca6c size=09f00h ( 40704) load[0m
[0;32mI (266) boot: Loaded app from partition at offset 0x20000[0m
[0;32mI (266) boot: Disabling RNG early entropy source...[0m
[0;33mW (278) flash HPM: HPM mode is optional feature that depends on flash model. Read Docs First![0m
[0;33mW (278) flash HPM: HPM mode with DC adjustment is disabled. Some flash models may not be supported. Read Docs First![0m
[0;33mW (287) flash HPM: High performance mode of this flash model hasn't been supported.[0m
[0;32mI (296) MSPI Timing: Flash timing tuning index: 2[0m
[0;32mI (301) octal_psram: vendor id    : 0x0d (AP)[0m
[0;32mI (306) octal_psram: dev id       : 0x02 (generation 3)[0m
[0;32mI (312) octal_psram: density      : 0x03 (64 Mbit)[0m
[0;32mI (317) octal_psram: good-die     : 0x01 (Pass)[0m
[0;32mI (323) octal_psram: Latency      : 0x01 (Fixed)[0m
[0;32mI (328) octal_psram: VCC          : 0x01 (3V)[0m
[0;32mI (333) octal_psram: SRF          : 0x01 (Fast Refresh)[0m
[0;32mI (339) octal_psram: BurstType    : 0x01 (Hybrid Wrap)[0m
[0;32mI (345) octal_psram: BurstLen     : 0x01 (32 Byte)[0m
[0;32mI (350) octal_psram: Readlatency  : 0x02 (10 cycles@Fixed)[0m
[0;32mI (356) octal_psram: DriveStrength: 0x00 (1/1)[0m
[0;32mI (368) MSPI Timing: PSRAM timing tuning index: 2[0m
[0;32mI (368) esp_psram: Found 8MB PSRAM device[0m
[0;32mI (372) esp_psram: Speed: 120MHz[0m
[0;32mI (384) mmu_psram: Read only data copied and mapped to SPIRAM[0m
[0;32mI (419) mmu_psram: Instructions copied and mapped to SPIRAM[0m
[0;32mI (420) cpu_start: Multicore app[0m
[0;32mI (604) esp_psram: SPI SRAM memory test OK[0m
[0;32mI (612) cpu_start: Pro cpu start user code[0m
[0;32mI (612) cpu_start: cpu freq: 240000000 Hz[0m
[0;32mI (612) app_init: Application information:[0m
[0;32mI (615) app_init: Project name:     AI_toy[0m
[0;32mI (620) app_init: App version:      1[0m
[0;32mI (624) app_init: Compile time:     Nov  4 2025 21:32:56[0m
[0;32mI (630) app_init: ELF file SHA256:  5f04f9647...[0m
[0;32mI (636) app_init: ESP-IDF:          v5.3.1-dirty[0m
[0;32mI (641) efuse_init: Min chip rev:     v0.0[0m
[0;32mI (646) efuse_init: Max chip rev:     v0.99 [0m
[0;32mI (651) efuse_init: Chip rev:         v0.2[0m
[0;32mI (655) heap_init: Initializing. RAM available for dynamic allocation:[0m
[0;32mI (663) heap_init: At 3FCA0268 len 000494A8 (293 KiB): RAM[0m
[0;32mI (669) heap_init: At 3FCE9710 len 00005724 (21 KiB): RAM[0m
[0;32mI (675) heap_init: At 600FE100 len 00001EE8 (7 KiB): RTCRAM[0m
[0;32mI (681) esp_psram: Adding pool of 7360K of PSRAM memory to heap allocator[0m
[0;32mI (689) spi_flash: detected chip: generic[0m
[0;32mI (693) spi_flash: flash io: qio[0m
[0;32mI (697) sleep: Configure to isolate all GPIO pins in sleep state[0m
[0;32mI (704) sleep: Enable automatic switching of GPIO sleep configuration[0m
[0;32mI (711) coexist: coex firmware version: 4482466[0m
[0;32mI (731) coexist: coexist rom version e7ae62f[0m
[0;32mI (732) main_task: Started on CPU0[0m
[0;32mI (733) esp_psram: Reserving pool of 32K of internal memory for DMA/internal allocations[0m
[0;32mI (738) main_task: Calling app_main()[0m
ESP_ERROR_CHECK failed: esp_err_t 0x103 (ESP_ERR_INVALID_STATE) at 0x4202ab3f
file: "/IDF/components/esp_wifi/src/wifi_default.c" line 390
func: esp_netif_create_default_wifi_sta
expression: esp_wifi_set_default_wifi_sta_handlers()

abort() was called at PC 0x4037e017 on core 0


Backtrace: 0x40375f26:0x3fca3b60 0x4037e021:0x3fca3b80 0x40384752:0x3fca3ba0 0x4037e017:0x3fca3c10 0x4202ab3f:0x3fca3c40 0x4200b14e:0x3fca3c70 0x4200ac9f:0x3fca3e50 0x420903b7:0x3fca3e70




ELF file SHA256: 5f04f9647

Rebooting...
ï¿½ï¿½ï¿½ESP-ROM:esp32s3-20210327
Build:Mar 27 2021
rst:0xc (RTC_SW_CPU_RST),boot:0x29 (SPI_FAST_FLASH_BOOT)
Saved PC:0x40375e84
SPIWP:0xee
mode:DIO, clock div:1
load:0x3fce2820,len:0x1918
load:0x403c8700,len:0x4
load:0x403c8704,len:0xe5c
load:0x403cb700,len:0x303c
entry 0x403c893c
[0;32mI (31) boot: ESP-IDF v5.3.1-dirty 2nd stage bootloader[0m
[0;32mI (31) boot: compile time Nov  4 2025 20:10:18[0m
[0;32mI (31) boot: Multicore bootloader[0m
[0;32mI (35) boot: chip revision: v0.2[0m
[0;32mI (39) qio_mode: Enabling default flash chip QIO[0m
[0;32mI (44) boot.esp32s3: Boot SPI Speed : 80MHz[0m
[0;32mI (49) boot.esp32s3: SPI Mode       : QIO[0m
[0;32mI (54) boot.esp32s3: SPI Flash Size : 16MB[0m
[0;32mI (58) boot: Enabling RNG early entropy source...[0m
[0;32mI (64) boot: Partition Table:[0m
[0;32mI (67) boot: ## Label            Usage          Type ST Offset   Length[0m
[0;32mI (75) boot:  0 nvs              WiFi data        01 02 00010000 00006000[0m
[0;32mI (82) boot:  1 fctry            WiFi data        01 02 00016000 00006000[0m
[0;32mI (90) boot:  2 factory          factory app      00 00 00020000 00400000[0m
[0;32mI (97) boot:  3 storage          Unknown data     01 82 00420000 00600000[0m
[0;32mI (104) boot:  4 model            Unknown data     01 82 00a20000 0050c000[0m
[0;32mI (112) boot: End of partition table[0m
[0;32mI (116) esp_image: segment 0: paddr=00020020 vaddr=3c0a0020 size=219f8h (137720) map[0m
[0;32mI (146) esp_image: segment 1: paddr=00041a20 vaddr=3fc96a00 size=05b84h ( 23428) load[0m
[0;32mI (150) esp_image: segment 2: paddr=000475ac vaddr=40374000 size=08a6ch ( 35436) load[0m
[0;32mI (158) esp_image: segment 3: paddr=00050020 vaddr=42000020 size=910d0h (594128) map[0m
[0;32mI (250) esp_image: segment 4: paddr=000e10f8 vaddr=4037ca6c size=09f00h ( 40704) load[0m
[0;32mI (266) boot: Loaded app from partition at offset 0x20000[0m
[0;32mI (266) boot: Disabling RNG early entropy source...[0m
[0;33mW (278) flash HPM: HPM mode is optional feature that depends on flash model. Read Docs First![0m
[0;33mW (278) flash HPM: HPM mode with DC adjustment is disabled. Some flash models may not be supported. Read Docs First![0m
[0;33mW (287) flash HPM: High performance mode of this flash model hasn't been supported.[0m
[0;32mI (296) MSPI Timing: Flash timing tuning index: 2[0m
[0;32mI (301) octal_psram: vendor id    : 0x0d (AP)[0m
[0;32mI (306) octal_psram: dev id       : 0x02 (generation 3)[0m
[0;32mI (312) octal_psram: density      : 0x03 (64 Mbit)[0m
[0;32mI (317) octal_psram: good-die     : 0x01 (Pass)[0m
[0;32mI (323) octal_psram: Latency      : 0x01 (Fixed)[0m
[0;32mI (328) octal_psram: VCC          : 0x01 (3V)[0m
[0;32mI (333) octal_psram: SRF          : 0x01 (Fast Refresh)[0m
[0;32mI (339) octal_psram: BurstType    : 0x01 (Hybrid Wrap)[0m
[0;32mI (345) octal_psram: BurstLen     : 0x01 (32 Byte)[0m
[0;32mI (350) octal_psram: Readlatency  : 0x02 (10 cycles@Fixed)[0m
[0;32mI (356) octal_psram: DriveStrength: 0x00 (1/1)[0m
[0;32mI (368) MSPI Timing: PSRAM timing tuning index: 1[0m
[0;32mI (368) esp_psram: Found 8MB PSRAM device[0m
[0;32mI (372) esp_psram: Speed: 120MHz[0m
[0;32mI (384) mmu_psram: Read only data copied and mapped to SPIRAM[0m
[0;32mI (420) mmu_psram: Instructions copied and mapped to SPIRAM[0m
[0;32mI (420) cpu_start: Multicore app[0m
[0;32mI (610) esp_psram: SPI SRAM memory test OK[0m
[0;32mI (619) cpu_start: Pro cpu start user code[0m
[0;32mI (619) cpu_start: cpu freq: 240000000 Hz[0m
[0;32mI (619) app_init: Application information:[0m
[0;32mI (622) app_init: Project name:     AI_toy[0m
[0;32mI (626) app_init: App version:      1[0m
[0;32mI (631) app_init: Compile time:     Nov  4 2025 21:32:56[0m
[0;32mI (637) app_init: ELF file SHA256:  5f04f9647...[0m
[0;32mI (642) app_init: ESP-IDF:          v5.3.1-dirty[0m
[0;32mI (647) efuse_init: Min chip rev:     v0.0[0m
[0;32mI (652) efuse_init: Max chip rev:     v0.99 [0m
[0;32mI (657) efuse_init: Chip rev:         v0.2[0m
[0;32mI (662) heap_init: Initializing. RAM available for dynamic allocation:[0m
[0;32mI (669) heap_init: At 3FCA0268 len 000494A8 (293 KiB): RAM[0m
[0;32mI (675) heap_init: At 3FCE9710 len 00005724 (21 KiB): RAM[0m
[0;32mI (681) heap_init: At 600FE100 len 00001EE8 (7 KiB): RTCRAM[0m
[0;32mI (688) esp_psram: Adding pool of 7360K of PSRAM memory to heap allocator[0m
[0;32mI (695) spi_flash: detected chip: generic[0m
[0;32mI (700) spi_flash: flash io: qio[0m
[0;32mI (704) sleep: Configure to isolate all GPIO pins in sleep state[0m
[0;32mI (710) sleep: Enable automatic switching of GPIO sleep configuration[0m
[0;32mI (717) coexist: coex firmware version: 4482466[0m
[0;32mI (738) coexist: coexist rom version e7ae62f[0m
[0;32mI (738) main_task: Started on CPU0[0m
[0;32mI (739) esp_psram: Reserving pool of 32K of internal memory for DMA/internal allocations[0m
[0;32mI (744) main_task: Calling app_main()[0m
ESP_ERROR_CHECK failed: esp_err_t 0x103 (ESP_ERR_INVALID_STATE) at 0x4202ab3f
file: "/IDF/components/esp_wifi/src/wifi_default.c" line 390
func: esp_netif_create_default_wifi_sta
expression: esp_wifi_set_default_wifi_sta_handlers()

abort() was called at PC 0x4037e017 on core 0


Backtrace: 0x40375f26:0x3fca3b60 0x4037e021:0x3fca3b80 0x40384752:0x3fca3ba0 0x4037e017:0x3fca3c10 0x4202ab3f:0x3fca3c40 0x4200b14e:0x3fca3c70 0x4200ac9f:0x3fca3e50 0x420903b7:0x3fca3e70




ELF file SHA256: 5f04f9647

Rebooting...
ï¿½ï¿½ï¿½ESP-ROM:esp32s3-20210327
Build:Mar 27 2021
rst:0xc (RTC_SW_CPU_RST),boot:0x29 (SPI_FAST_FLASH_BOOT)
Saved PC:0x40375e84
SPIWP:0xee
mode:DIO, clock div:1
load:0x3fce2820,len:0x1918
load:0x403c8700,len:0x4
load:0x403c8704,len:0xe5c
load:0x403cb700,len:0x303c
entry 0x403c893c
[0;32mI (31) boot: ESP-IDF v5.3.1-dirty 2nd stage bootloader[0m
[0;32mI (31) boot: compile time Nov  4 2025 20:10:18[0m
[0;32mI (31) boot: Multicore bootloader[0m
[0;32mI (35) boot: chip revision: v0.2[0m
[0;32mI (39) qio_mode: Enabling default flash chip QIO[0m
[0;32mI (44) boot.esp32s3: Boot SPI Speed : 80MHz[0m
[0;32mI (49) boot.esp32s3: SPI Mode       : QIO[0m
[0;32mI (54) boot.esp32s3: SPI Flash Size : 16MB[0m
[0;32mI (58) boot: Enabling RNG early entropy source...[0m
[0;32mI (64) boot: Partition Table:[0m
[0;32mI (67) boot: ## Label            Usage          Type ST Offset   Length[0m
[0;32mI (75) boot:  0 nvs              WiFi data        01 02 00010000 00006000[0m
[0;32mI (82) boot:  1 fctry            WiFi data        01 02 00016000 00006000[0m
[0;32mI (90) boot:  2 factory          factory app      00 00 00020000 00400000[0m
[0;32mI (97) boot:  3 storage          Unknown data     01 82 00420000 00600000[0m
[0;32mI (104) boot:  4 model            Unknown data     01 82 00a20000 0050c000[0m
[0;32mI (112) boot: End of partition table[0m
[0;32mI (116) esp_image: segment 0: paddr=00020020 vaddr=3c0a0020 size=219f8h (137720) map[0m
[0;32mI (146) esp_image: segment 1: paddr=00041a20 vaddr=3fc96a00 size=05b84h ( 23428) load[0m
[0;32mI (150) esp_image: segment 2: paddr=000475ac vaddr=40374000 size=08a6ch ( 35436) load[0m
[0;32mI (158) esp_image: segment 3: paddr=00050020 vaddr=42000020 size=910d0h (594128) map[0m
[0;32mI (250) esp_image: segment 4: paddr=000e10f8 vaddr=4037ca6c size=09f00h ( 40704) load[0m
[0;32mI (266) boot: Loaded app from partition at offset 0x20000[0m
[0;32mI (266) boot: Disabling RNG early entropy source...[0m
[0;33mW (278) flash HPM: HPM mode is optional feature that depends on flash model. Read Docs First![0m
[0;33mW (278) flash HPM: HPM mode with DC adjustment is disabled. Some flash models may not be supported. Read Docs First![0m
[0;33mW (287) flash HPM: High performance mode of this flash model hasn't been supported.[0m
[0;32mI (296) MSPI Timing: Flash timing tuning index: 2[0m
[0;32mI (301) octal_psram: vendor id    : 0x0d (AP)[0m
[0;32mI (306) octal_psram: dev id       : 0x02 (generation 3)[0m
[0;32mI (312) octal_psram: density      : 0x03 (64 Mbit)[0m
[0;32mI (317) octal_psram: good-die     : 0x01 (Pass)[0m
[0;32mI (323) octal_psram: Latency      : 0x01 (Fixed)[0m
[0;32mI (328) octal_psram: VCC          : 0x01 (3V)[0m
[0;32mI (333) octal_psram: SRF          : 0x01 (Fast Refresh)[0m
[0;32mI (339) octal_psram: BurstType    : 0x01 (Hybrid Wrap)[0m
[0;32mI (345) octal_psram: BurstLen     : 0x01 (32 Byte)[0m
[0;32mI (350) octal_psram: Readlatency  : 0x02 (10 cycles@Fixed)[0m
[0;32mI (356) octal_psram: DriveStrength: 0x00 (1/1)[0m
[0;32mI (368) MSPI Timing: PSRAM timing tuning index: 1[0m
[0;32mI (368) esp_psram: Found 8MB PSRAM device[0m
[0;32mI (372) esp_psram: Speed: 120MHz[0m
[0;32mI (384) mmu_psram: Read only data copied and mapped to SPIRAM[0m
[0;32mI (420) mmu_psram: Instructions copied and mapped to SPIRAM[0m
[0;32mI (420) cpu_start: Multicore app[0m
[0;32mI (610) esp_psram: SPI SRAM memory test OK[0m
[0;32mI (619) cpu_start: Pro cpu start user code[0m
[0;32mI (619) cpu_start: cpu freq: 240000000 Hz[0m
[0;32mI (619) app_init: Application information:[0m
[0;32mI (622) app_init: Project name:     AI_toy[0m
[0;32mI (626) app_init: App version:      1[0m
[0;32mI (631) app_init: Compile time:     Nov  4 2025 21:32:56[0m
[0;32mI (637) app_init: ELF file SHA256:  5f04f9647...[0m
[0;32mI (642) app_init: ESP-IDF:          v5.3.1-dirty[0m
[0;32mI (647) efuse_init: Min chip rev:     v0.0[0m
[0;32mI (652) efuse_init: Max chip rev:     v0.99 [0m
[0;32mI (657) efuse_init: Chip rev:         v0.2[0m
[0;32mI (662) heap_init: Initializing. RAM available for dynamic allocation:[0m
[0;32mI (669) heap_init: At 3FCA0268 len 000494A8 (293 KiB): RAM[0m
[0;32mI (675) heap_init: At 3FCE9710 len 00005724 (21 KiB): RAM[0m
[0;32mI (681) heap_init: At 600FE100 len 00001EE8 (7 KiB): RTCRAM[0m
[0;32mI (688) esp_psram: Adding pool of 7360K of PSRAM memory to heap allocator[0m
[0;32mI (695) spi_flash: detected chip: generic[0m
[0;32mI (700) spi_flash: flash io: qio[0m
[0;32mI (704) sleep: Configure to isolate all GPIO pins in sleep state[0m
[0;32mI (710) sleep: Enable automatic switching of GPIO sleep configuration[0m
[0;32mI (717) coexist: coex firmware version: 4482466[0m
[0;32mI (738) coexist: coexist rom version e7ae62f[0m
[0;32mI (738) main_task: Started on CPU0[0m
[0;32mI (739) esp_psram: Reserving pool of 32K of internal memory for DMA/internal allocations[0m
[0;32mI (744) main_task: Calling app_main()[0m
ESP_ERROR_CHECK failed: esp_err_t 0x103 (ESP_ERR_INVALID_STATE) at 0x4202ab3f
file: "/IDF/components/esp_wifi/src/wifi_default.c" line 390
func: esp_netif_create_default_wifi_sta
expression: esp_wifi_set_default_wifi_sta_handlers()

abort() was called at PC 0x4037e017 on core 0


Backtrace: 0x40375f26:0x3fca3b60 0x4037e021:0x3fca3b80 0x40384752:0x3fca3ba0 0x4037e017:0x3fca3c10 0x4202ab3f:0x3fca3c40 0x4200b14e:0x3fca3c70 0x4200ac9f:0x3fca3e50 0x420903b7:0x3fca3e70




ELF file SHA256: 5f04f9647

Rebooting...
ï¿½ï¿½ï¿½ESP-ROM:esp32s3-20210327
Build:Mar 27 2021
rst:0xc (RTC_SW_CPU_RST),boot:0x29 (SPI_FAST_FLASH_BOOT)
Saved PC:0x40375e84
SPIWP:0xee
mode:DIO, clock div:1
load:0x3fce2820,len:0x1918
load:0x403c8700,len:0x4
load:0x403c8704,len:0xe5c
load:0x403cb700,len:0x303c
entry 0x403c893c
[0;32mI (31) boot: ESP-IDF v5.3.1-dirty 2nd stage bootloader[0m
[0;32mI (31) boot: compile time Nov  4 2025 20:10:18[0m
[0;32mI (31) boot: Multicore bootloader[0m
[0;32mI (35) boot: chip revision: v0.2[0m
[0;32mI (39) qio_mode: Enabling default flash chip QIO[0m
[0;32mI (44) boot.esp32s3: Boot SPI Speed : 80MHz[0m
[0;32mI (49) boot.esp32s3: SPI Mode       : QIO[0m
[0;32mI (54) boot.esp32s3: SPI Flash Size : 16MB[0m
[0;32mI (58) boot: Enabling RNG early entropy source...[0m
[0;32mI (64) boot: Partition Table:[0m
[0;32mI (67) boot: ## Label            Usage          Type ST Offset   Length[0m
[0;32mI (75) boot:  0 nvs              WiFi data        01 02 00010000 00006000[0m
[0;32mI (82) boot:  1 fctry            WiFi data        01 02 00016000 00006000[0m
[0;32mI (90) boot:  2 factory          factory app      00 00 00020000 00400000[0m
[0;32mI (97) boot:  3 storage          Unknown data     01 82 00420000 00600000[0m
[0;32mI (104) boot:  4 model            Unknown data     01 82 00a20000 0050c000[0m
[0;32mI (112) boot: End of partition table[0m
[0;32mI (116) esp_image: segment 0: paddr=00020020 vaddr=3c0a0020 size=219f8h (137720) map[0m
[0;32mI (146) esp_image: segment 1: paddr=00041a20 vaddr=3fc96a00 size=05b84h ( 23428) load[0m
[0;32mI (150) esp_image: segment 2: paddr=000475ac vaddr=40374000 size=08a6ch ( 35436) load[0m
[0;32mI (158) esp_image: segment 3: paddr=00050020 vaddr=42000020 size=910d0h (594128) map[0m
[0;32mI (250) esp_image: segment 4: paddr=000e10f8 vaddr=4037ca6c size=09f00h ( 40704) load[0m
[0;32mI (266) boot: Loaded app from partition at offset 0x20000[0m
[0;32mI (266) boot: Disabling RNG early entropy source...[0m
[0;33mW (278) flash HPM: HPM mode is optional feature that depends on flash model. Read Docs First![0m
[0;33mW (278) flash HPM: HPM mode with DC adjustment is disabled. Some flash models may not be supported. Read Docs First![0m
[0;33mW (287) flash HPM: High performance mode of this flash model hasn't been supported.[0m
[0;32mI (296) MSPI Timing: Flash timing tuning index: 2[0m
[0;32mI (301) octal_psram: vendor id    : 0x0d (AP)[0m
[0;32mI (306) octal_psram: dev id       : 0x02 (generation 3)[0m
[0;32mI (312) octal_psram: density      : 0x03 (64 Mbit)[0m
[0;32mI (317) octal_psram: good-die     : 0x01 (Pass)[0m
[0;32mI (323) octal_psram: Latency      : 0x01 (Fixed)[0m
[0;32mI (328) octal_psram: VCC          : 0x01 (3V)[0m
[0;32mI (333) octal_psram: SRF          : 0x01 (Fast Refresh)[0m
[0;32mI (339) octal_psram: BurstType    : 0x01 (Hybrid Wrap)[0m
[0;32mI (345) octal_psram: BurstLen     : 0x01 (32 Byte)[0m
[0;32mI (350) octal_psram: Readlatency  : 0x02 (10 cycles@Fixed)[0m
[0;32mI (356) octal_psram: DriveStrength: 0x00 (1/1)[0m
[0;32mI (368) MSPI Timing: PSRAM timing tuning index: 1[0m
[0;32mI (368) esp_psram: Found 8MB PSRAM device[0m
[0;32mI (372) esp_psram: Speed: 120MHz[0m
[0;32mI (384) mmu_psram: Read only data copied and mapped to SPIRAM[0m
[0;32mI (420) mmu_psram: Instructions copied and mapped to SPIRAM[0m
[0;32mI (420) cpu_start: Multicore app[0m
[0;32mI (610) esp_psram: SPI SRAM memory test OK[0m
[0;32mI (619) cpu_start: Pro cpu start user code[0m
[0;32mI (619) cpu_start: cpu freq: 240000000 Hz[0m
[0;32mI (619) app_init: Application information:[0m
[0;32mI (622) app_init: Project name:     AI_toy[0m
[0;32mI (626) app_init: App version:      1[0m
[0;32mI (631) app_init: Compile time:     Nov  4 2025 21:32:56[0m
[0;32mI (637) app_init: ELF file SHA256:  5f04f9647...[0m
[0;32mI (642) app_init: ESP-IDF:          v5.3.1-dirty[0m
[0;32mI (647) efuse_init: Min chip rev:     v0.0[0m
[0;32mI (652) efuse_init: Max chip rev:     v0.99 [0m
[0;32mI (657) efuse_init: Chip rev:         v0.2[0m
[0;32mI (662) heap_init: Initializing. RAM available for dynamic allocation:[0m
[0;32mI (669) heap_init: At 3FCA0268 len 000494A8 (293 KiB): RAM[0m
[0;32mI (675) heap_init: At 3FCE9710 len 00005724 (21 KiB): RAM[0m
[0;32mI (681) heap_init: At 600FE100 len 00001EE8 (7 KiB): RTCRAM[0m
[0;32mI (688) esp_psram: Adding pool of 7360K of PSRAM memory to heap allocator[0m
[0;32mI (695) spi_flash: detected chip: generic[0m
[0;32mI (700) spi_flash: flash io: qio[0m
[0;32mI (704) sleep: Configure to isolate all GPIO pins in sleep state[0m
[0;32mI (710) sleep: Enable automatic switching of GPIO sleep configuration[0m
[0;32mI (717) coexist: coex firmware version: 4482466[0m
[0;32mI (738) coexist: coexist rom version e7ae62f[0m
[0;32mI (738) main_task: Started on CPU0[0m
[0;32mI (739) esp_psram: Reserving pool of 32K of internal memory for DMA/internal allocations[0m
[0;32mI (744) main_task: Calling app_main()[0m
ESP_ERROR_CHECK failed: esp_err_t 0x103 (ESP_ERR_INVALID_STATE) at 0x4202ab3f
file: "/IDF/components/esp_wifi/src/wifi_default.c" line 390
func: esp_netif_create_default_wifi_sta
expression: esp_wifi_set_default_wifi_sta_handlers()

abort() was called at PC 0x4037e017 on core 0


Backtrace: 0x40375f26:0x3fca3b60 0x4037e021:0x3fca3b80 0x40384752:0x3fca3ba0 0x4037e017:0x3fca3c10 0x4202ab3f:0x3fca3c40 0x4200b14e:0x3fca3c70 0x4200ac9f:0x3fca3e50 0x420903b7:0x3fca3e70




ELF file SHA256: 5f04f9647

Rebooting...
ï¿½ï¿½ï¿½ESP-ROM:esp32s3-20210327
Build:Mar 27 2021
rst:0xc (RTC_SW_CPU_RST),boot:0x29 (SPI_FAST_FLASH_BOOT)
Saved PC:0x40375e84
SPIWP:0xee
mode:DIO, clock div:1
load:0x3fce2820,len:0x1918
load:0x403c8700,len:0x4
load:0x403c8704,len:0xe5c
load:0x403cb700,len:0x303c
entry 0x403c893c
[0;32mI (31) boot: ESP-IDF v5.3.1-dirty 2nd stage bootloader[0m
[0;32mI (31) boot: compile time Nov  4 2025 20:10:18[0m
[0;32mI (31) boot: Multicore bootloader[0m
[0;32mI (35) boot: chip revision: v0.2[0m
[0;32mI (39) qio_mode: Enabling default flash chip QIO[0m
[0;32mI (44) boot.esp32s3: Boot SPI Speed : 80MHz[0m
[0;32mI (49) boot.esp32s3: SPI Mode       : QIO[0m
[0;32mI (54) boot.esp32s3: SPI Flash Size : 16MB[0m
[0;32mI (58) boot: Enabling RNG early entropy source...[0m
[0;32mI (64) boot: Partition Table:[0m
[0;32mI (67) boot: ## Label            Usage          Type ST Offset   Length[0m
[0;32mI (75) boot:  0 nvs              WiFi data        01 02 00010000 00006000[0m
[0;32mI (82) boot:  1 fctry            WiFi data        01 02 00016000 00006000[0m
[0;32mI (90) boot:  2 factory          factory app      00 00 00020000 00400000[0m
[0;32mI (97) boot:  3 storage          Unknown data     01 82 00420000 00600000[0m
[0;32mI (104) boot:  4 model            Unknown data     01 82 00a20000 0050c000[0m
[0;32mI (112) boot: End of partition table[0m
[0;32mI (116) esp_image: segment 0: paddr=00020020 vaddr=3c0a0020 size=219f8h (137720) map[0m
[0;32mI (146) esp_image: segment 1: paddr=00041a20 vaddr=3fc96a00 size=05b84h ( 23428) load[0m
[0;32mI (150) esp_image: segment 2: paddr=000475ac vaddr=40374000 size=08a6ch ( 35436) load[0m
[0;32mI (158) esp_image: segment 3: paddr=00050020 vaddr=42000020 size=910d0h (594128) map[0m
[0;32mI (250) esp_image: segment 4: paddr=000e10f8 vaddr=4037ca6c size=09f00h ( 40704) load[0m
[0;32mI (266) boot: Loaded app from partition at offset 0x20000[0m
[0;32mI (266) boot: Disabling RNG early entropy source...[0m
[0;33mW (278) flash HPM: HPM mode is optional feature that depends on flash model. Read Docs First![0m
[0;33mW (278) flash HPM: HPM mode with DC adjustment is disabled. Some flash models may not be supported. Read Docs First![0m
[0;33mW (287) flash HPM: High performance mode of this flash model hasn't been supported.[0m
[0;32mI (296) MSPI Timing: Flash timing tuning index: 2[0m
[0;32mI (301) octal_psram: vendor id    : 0x0d (AP)[0m
[0;32mI (306) octal_psram: dev id       : 0x02 (generation 3)[0m
[0;32mI (312) octal_psram: density      : 0x03 (64 Mbit)[0m
[0;32mI (317) octal_psram: good-die     : 0x01 (Pass)[0m
[0;32mI (323) octal_psram: Latency      : 0x01 (Fixed)[0m
[0;32mI (328) octal_psram: VCC          : 0x01 (3V)[0m
[0;32mI (333) octal_psram: SRF          : 0x01 (Fast Refresh)[0m
[0;32mI (339) octal_psram: BurstType    : 0x01 (Hybrid Wrap)[0m
[0;32mI (345) octal_psram: BurstLen     : 0x01 (32 Byte)[0m
[0;32mI (350) octal_psram: Readlatency  : 0x02 (10 cycles@Fixed)[0m
[0;32mI (356) octal_psram: DriveStrength: 0x00 (1/1)[0m
[0;32mI (368) MSPI Timing: PSRAM timing tuning index: 1[0m
[0;32mI (368) esp_psram: Found 8MB PSRAM device[0m
[0;32mI (372) esp_psram: Speed: 120MHz[0m
[0;32mI (384) mmu_psram: Read only data copied and mapped to SPIRAM[0m
[0;32mI (420) mmu_psram: Instructions copied and mapped to SPIRAM[0m
[0;32mI (420) cpu_start: Multicore app[0m
[0;32mI (610) esp_psram: SPI SRAM memory test OK[0m
[0;32mI (619) cpu_start: Pro cpu start user code[0m
[0;32mI (619) cpu_start: cpu freq: 240000000 Hz[0m
[0;32mI (619) app_init: Application information:[0m
[0;32mI (622) app_init: Project name:     AI_toy[0m
[0;32mI (626) app_init: App version:      1[0m
[0;32mI (631) app_init: Compile time:     Nov  4 2025 21:32:56[0m
[0;32mI (637) app_init: ELF file SHA256:  5f04f9647...[0m
[0;32mI (642) app_init: ESP-IDF:          v5.3.1-dirty[0m
[0;32mI (647) efuse_init: Min chip rev:     v0.0[0m
[0;32mI (652) efuse_init: Max chip rev:     v0.99 [0m
[0;32mI (657) efuse_init: Chip rev:         v0.2[0m
[0;32mI (662) heap_init: Initializing. RAM available for dynamic allocation:[0m
[0;32mI (669) heap_init: At 3FCA0268 len 000494A8 (293 KiB): RAM[0m
[0;32mI (675) heap_init: At 3FCE9710 len 00005724 (21 KiB): RAM[0m
[0;32mI (681) heap_init: At 600FE100 len 00001EE8 (7 KiB): RTCRAM[0m
[0;32mI (688) esp_psram: Adding pool of 7360K of PSRAM memory to heap allocator[0m
[0;32mI (695) spi_flash: detected chip: generic[0m
[0;32mI (700) spi_flash: flash io: qio[0m
[0;32mI (704) sleep: Configure to isolate all GPIO pins in sleep state[0m
[0;32mI (710) sleep: Enable automatic switching of GPIO sleep configuration[0m
[0;32mI (717) coexist: coex firmware version: 4482466[0m
[0;32mI (738) coexist: coexist rom version e7ae62f[0m
[0;32mI (738) main_task: Started on CPU0[0m
[0;32mI (739) esp_psram: Reserving pool of 32K of internal memory for DMA/internal allocations[0m
[0;32mI (744) main_task: Calling app_main()[0m
ESP_ERROR_CHECK failed: esp_err_t 0x103 (ESP_ERR_INVALID_STATE) at 0x4202ab3f
file: "/IDF/components/esp_wifi/src/wifi_default.c" line 390
func: esp_netif_create_default_wifi_sta
expression: esp_wifi_set_default_wifi_sta_handlers()

abort() was called at PC 0x4037e017 on core 0


Backtrace: 0x40375f26:0x3fca3b60 0x4037e021:0x3fca3b80 0x40384752:0x3fca3ba0 0x4037e017:0x3fca3c10 0x4202ab3f:0x3fca3c40 0x4200b14e:0x3fca3c70 0x4200ac9f:0x3fca3e50 0x420903b7:0x3fca3e70




ELF file SHA256: 5f04f9647

Rebooting...
ï¿½ï¿½ï¿½ESP-ROM:esp32s3-20210327
Build:Mar 27 2021
rst:0xc (RTC_SW_CPU_RST),boot:0x29 (SPI_FAST_FLASH_BOOT)
Saved PC:0x40375e84
SPIWP:0xee
mode:DIO, clock div:1
load:0x3fce2820,len:0x1918
load:0x403c8700,len:0x4
load:0x403c8704,len:0xe5c
load:0x403cb700,len:0x303c
entry 0x403c893c
[0;32mI (31) boot: ESP-IDF v5.3.1-dirty 2nd stage bootloader[0m
[0;32mI (31) boot: compile time Nov  4 2025 20:10:18[0m
[0;32mI (31) boot: Multicore bootloader[0m
[0;32mI (35) boot: chip revision: v0.2[0m
[0;32mI (39) qio_mode: Enabling default flash chip QIO[0m
[0;32mI (44) boot.esp32s3: Boot SPI Speed : 80MHz[0m
[0;32mI (49) boot.esp32s3: SPI Mode       : QIO[0m
[0;32mI (54) boot.esp32s3: SPI Flash Size : 16MB[0m
[0;32mI (58) boot: Enabling RNG early entropy source...[0m
[0;32mI (64) boot: Partition Table:[0m
[0;32mI (67) boot: ## Label            Usage          Type ST Offset   Length[0m
[0;32mI (75) boot:  0 nvs              WiFi data        01 02 00010000 00006000[0m
[0;32mI (82) boot:  1 fctry            WiFi data        01 02 00016000 00006000[0m
[0;32mI (90) boot:  2 factory          factory app      00 00 00020000 00400000[0m
[0;32mI (97) boot:  3 storage          Unknown data     01 82 00420000 00600000[0m
[0;32mI (104) boot:  4 model            Unknown data     01 82 00a20000 0050c000[0m
[0;32mI (112) boot: End of partition table[0m
[0;32mI (116) esp_image: segment 0: paddr=00020020 vaddr=3c0a0020 size=219f8h (137720) map[0m
[0;32mI (146) esp_image: segment 1: paddr=00041a20 vaddr=3fc96a00 size=05b84h ( 23428) load[0m
[0;32mI (150) esp_image: segment 2: paddr=000475ac vaddr=40374000 size=08a6ch ( 35436) load[0m
[0;32mI (158) esp_image: segment 3: paddr=00050020 vaddr=42000020 size=910d0h (594128) map[0m
[0;32mI (250) esp_image: segment 4: paddr=000e10f8 vaddr=4037ca6c size=09f00h ( 40704) load[0m
[0;32mI (266) boot: Loaded app from partition at offset 0x20000[0m
[0;32mI (266) boot: Disabling RNG early entropy source...[0m
[0;33mW (278) flash HPM: HPM mode is optional feature that depends on flash model. Read Docs First![0m
[0;33mW (278) flash HPM: HPM mode with DC adjustment is disabled. Some flash models may not be supported. Read Docs First![0m
[0;33mW (287) flash HPM: High performance mode of this flash model hasn't been supported.[0m
[0;32mI (296) MSPI Timing: Flash timing tuning index: 2[0m
[0;32mI (301) octal_psram: vendor id    : 0x0d (AP)[0m
[0;32mI (306) octal_psram: dev id       : 0x02 (generation 3)[0m
[0;32mI (312) octal_psram: density      : 0x03 (64 Mbit)[0m
[0;32mI (317) octal_psram: good-die     : 0x01 (Pass)[0m
[0;32mI (323) octal_psram: Latency      : 0x01 (Fixed)[0m
[0;32mI (328) octal_psram: VCC          : 0x01 (3V)[0m
[0;32mI (333) octal_psram: SRF          : 0x01 (Fast Refresh)[0m
[0;32mI (339) octal_psram: BurstType    : 0x01 (Hybrid Wrap)[0m
[0;32mI (345) octal_psram: BurstLen     : 0x01 (32 Byte)[0m
[0;32mI (350) octal_psram: Readlatency  : 0x02 (10 cycles@Fixed)[0m
[0;32mI (356) octal_psram: DriveStrength: 0x00 (1/1)[0m
[0;32mI (368) MSPI Timing: PSRAM timing tuning index: 1[0m
[0;32mI (368) esp_psram: Found 8MB PSRAM device[0m
[0;32mI (372) esp_psram: Speed: 120MHz[0m
[0;32mI (384) mmu_psram: Read only data copied and mapped to SPIRAM[0m
[0;32mI (420) mmu_psram: Instructions copied and mapped to SPIRAM[0m
[0;32mI (420) cpu_start: Multicore app[0m
[0;32mI (610) esp_psram: SPI SRAM memory test OK[0m
[0;32mI (619) cpu_start: Pro cpu start user code[0m
[0;32mI (619) cpu_start: cpu freq: 240000000 Hz[0m
[0;32mI (619) app_init: Application information:[0m
[0;32mI (622) app_init: Project name:     AI_toy[0m
[0;32mI (626) app_init: App version:      1[0m
[0;32mI (631) app_init: Compile time:     Nov  4 2025 21:32:56[0m
[0;32mI (637) app_init: ELF file SHA256:  5f04f9647...[0m
[0;32mI (642) app_init: ESP-IDF:          v5.3.1-dirty[0m
[0;32mI (647) efuse_init: Min chip rev:     v0.0[0m
[0;32mI (652) efuse_init: Max chip rev:     v0.99 [0m
[0;32mI (657) efuse_init: Chip rev:         v0.2[0m
[0;32mI (662) heap_init: Initializing. RAM available for dynamic allocation:[0m
[0;32mI (669) heap_init: At 3FCA0268 len 000494A8 (293 KiB): RAM[0m
[0;32mI (675) heap_init: At 3FCE9710 len 00005724 (21 KiB): RAM[0m
[0;32mI (681) heap_init: At 600FE100 len 00001EE8 (7 KiB): RTCRAM[0m
[0;32mI (688) esp_psram: Adding pool of 7360K of PSRAM memory to heap allocator[0m
[0;32mI (695) spi_flash: detected chip: generic[0m
[0;32mI (700) spi_flash: flash io: qio[0m
[0;32mI (704) sleep: Configure to isolate all GPIO pins in sleep state[0m
[0;32mI (710) sleep: Enable automatic switching of GPIO sleep configuration[0m
[0;32mI (717) coexist: coex firmware version: 4482466[0m
[0;32mI (738) coexist: coexist rom version e7ae62f[0m
[0;32mI (738) main_task: Started on CPU0[0m
[0;32mI (739) esp_psram: Reserving pool of 32K of internal memory for DMA/internal allocations[0m
[0;32mI (744) main_task: Calling app_main()[0m
ESP_ERROR_CHECK failed: esp_err_t 0x103 (ESP_ERR_INVALID_STATE) at 0x4202ab3f
file: "/IDF/components/esp_wifi/src/wifi_default.c" line 390
func: esp_netif_create_default_wifi_sta
expression: esp_wifi_set_default_wifi_sta_handlers()

abort() was called at PC 0x4037e017 on core 0


Backtrace: 0x40375f26:0x3fca3b60 0x4037e021:0x3fca3b80 0x40384752:0x3fca3ba0 0x4037e017:0x3fca3c10 0x4202ab3f:0x3fca3c40 0x4200b14e:0x3fca3c70 0x4200ac9f:0x3fca3e50 0x420903b7:0x3fca3e70




ELF file SHA256: 5f04f9647

Rebooting...
ï¿½ï¿½ï¿½ESP-ROM:esp32s3-20210327
Build:Mar 27 2021
rst:0xc (RTC_SW_CPU_RST),boot:0x29 (SPI_FAST_FLASH_BOOT)
Saved PC:0x40375e84
SPIWP:0xee
mode:DIO, clock div:1
load:0x3fce2820,len:0x1918
load:0x403c8700,len:0x4
load:0x403c8704,len:0xe5c
load:0x403cb700,len:0x303c
entry 0x403c893c
[0;32mI (31) boot: ESP-IDF v5.3.1-dirty 2nd stage bootloader[0m
[0;32mI (31) boot: compile time Nov  4 2025 20:10:18[0m
[0;32mI (31) boot: Multicore bootloader[0m
[0;32mI (35) boot: chip revision: v0.2[0m
[0;32mI (39) qio_mode: Enabling default flash chip QIO[0m
[0;32mI (44) boot.esp32s3: Boot SPI Speed : 80MHz[0m
[0;32mI (49) boot.esp32s3: SPI Mode       : QIO[0m
[0;32mI (54) boot.esp32s3: SPI Flash Size : 16MB[0m
[0;32mI (58) boot: Enabling RNG early entropy source...[0m
[0;32mI (64) boot: Partition Table:[0m
[0;32mI (67) boot: ## Label            Usage          Type ST Offset   Length[0m
[0;32mI (75) boot:  0 nvs              WiFi data        01 02 00010000 00006000[0m
[0;32mI (82) boot:  1 fctry            WiFi data        01 02 00016000 00006000[0m
[0;32mI (90) boot:  2 factory          factory app      00 00 00020000 00400000[0m
[0;32mI (97) boot:  3 storage          Unknown data     01 82 00420000 00600000[0m
[0;32mI (104) boot:  4 model            Unknown data     01 82 00a20000 0050c000[0m
[0;32mI (112) boot: End of partition table[0m
[0;32mI (116) esp_image: segment 0: paddr=00020020 vaddr=3c0a0020 size=219f8h (137720) map[0m
[0;32mI (146) esp_image: segment 1: paddr=00041a20 vaddr=3fc96a00 size=05b84h ( 23428) load[0m
[0;32mI (150) esp_image: segment 2: paddr=000475ac vaddr=40374000 size=08a6ch ( 35436) load[0m
[0;32mI (158) esp_image: segment 3: paddr=00050020 vaddr=42000020 size=910d0h (594128) map[0m
[0;32mI (250) esp_image: segment 4: paddr=000e10f8 vaddr=4037ca6c size=09f00h ( 40704) load[0m
[0;32mI (266) boot: Loaded app from partition at offset 0x20000[0m
[0;32mI (266) boot: Disabling RNG early entropy source...[0m
[0;33mW (278) flash HPM: HPM mode is optional feature that depends on flash model. Read Docs First![0m
[0;33mW (278) flash HPM: HPM mode with DC adjustment is disabled. Some flash models may not be supported. Read Docs First![0m
[0;33mW (287) flash HPM: High performance mode of this flash model hasn't been supported.[0m
[0;32mI (296) MSPI Timing: Flash timing tuning index: 2[0m
[0;32mI (301) octal_psram: vendor id    : 0x0d (AP)[0m
[0;32mI (306) octal_psram: dev id       : 0x02 (generation 3)[0m
[0;32mI (312) octal_psram: density      : 0x03 (64 Mbit)[0m
[0;32mI (317) octal_psram: good-die     : 0x01 (Pass)[0m
[0;32mI (323) octal_psram: Latency      : 0x01 (Fixed)[0m
[0;32mI (328) octal_psram: VCC          : 0x01 (3V)[0m
[0;32mI (333) octal_psram: SRF          : 0x01 (Fast Refresh)[0m
[0;32mI (339) octal_psram: BurstType    : 0x01 (Hybrid Wrap)[0m
[0;32mI (345) octal_psram: BurstLen     : 0x01 (32 Byte)[0m
[0;32mI (350) octal_psram: Readlatency  : 0x02 (10 cycles@Fixed)[0m
[0;32mI (356) octal_psram: DriveStrength: 0x00 (1/1)[0m
[0;32mI (368) MSPI Timing: PSRAM timing tuning index: 1[0m
[0;32mI (368) esp_psram: Found 8MB PSRAM device[0m
[0;32mI (372) esp_psram: Speed: 120MHz[0m
[0;32mI (384) mmu_psram: Read only data copied and mapped to SPIRAM[0m
[0;32mI (420) mmu_psram: Instructions copied and mapped to SPIRAM[0m
[0;32mI (420) cpu_start: Multicore app[0m
[0;32mI (610) esp_psram: SPI SRAM memory test OK[0m
[0;32mI (619) cpu_start: Pro cpu start user code[0m
[0;32mI (619) cpu_start: cpu freq: 240000000 Hz[0m
[0;32mI (619) app_init: Application information:[0m
[0;32mI (622) app_init: Project name:     AI_toy[0m
[0;32mI (626) app_init: App version:      1[0m
[0;32mI (631) app_init: Compile time:     Nov  4 2025 21:32:56[0m
[0;32mI (637) app_init: ELF file SHA256:  5f04f9647...[0m
[0;32mI (642) app_init: ESP-IDF:          v5.3.1-dirty[0m
[0;32mI (647) efuse_init: Min chip rev:     v0.0[0m
[0;32mI (652) efuse_init: Max chip rev:     v0.99 [0m
[0;32mI (657) efuse_init: Chip rev:         v0.2[0m
[0;32mI (662) heap_init: Initializing. RAM available for dynamic allocation:[0m
[0;32mI (669) heap_init: At 3FCA0268 len 000494A8 (293 KiB): RAM[0m
[0;32mI (675) heap_init: At 3FCE9710 len 00005724 (21 KiB): RAM[0m
[0;32mI (681) heap_init: At 600FE100 len 00001EE8 (7 KiB): RTCRAM[0m
[0;32mI (688) esp_psram: Adding pool of 7360K of PSRAM memory to heap allocator[0m
[0;32mI (695) spi_flash: detected chip: generic[0m
[0;32mI (700) spi_flash: flash io: qio[0m
[0;32mI (704) sleep: Configure to isolate all GPIO pins in sleep state[0m
[0;32mI (710) sleep: Enable automatic switching of GPIO sleep configuration[0m
[0;32mI (717) coexist: coex firmware version: 4482466[0m
[0;32mI (738) coexist: coexist rom version e7ae62f[0m
[0;32mI (738) main_task: Started on CPU0[0m
[0;32mI (739) esp_psram: Reserving pool of 32K of internal memory for DMA/internal allocations[0m
[0;32mI (744) main_task: Calling app_main()[0m
ESP_ERROR_CHECK failed: esp_err_t 0x103 (ESP_ERR_INVALID_STATE) at 0x4202ab3f
file: "/IDF/components/esp_wifi/src/wifi_default.c" line 390
func: esp_netif_create_default_wifi_sta
expression: esp_wifi_set_default_wifi_sta_handlers()

abort() was called at PC 0x4037e017 on core 0


Backtrace: 0x40375f26:0x3fca3b60 0x4037e021:0x3fca3b80 0x40384752:0x3fca3ba0 0x4037e017:0x3fca3c10 0x4202ab3f:0x3fca3c40 0x4200b14e:0x3fca3c70 0x4200ac9f:0x3fca3e50 0x420903b7:0x3fca3e70




ELF file SHA256: 5f04f9647

Rebooting...
ï¿½ï¿½ï¿½ESP-ROM:esp32s3-20210327
Build:Mar 27 2021
rst:0xc (RTC_SW_CPU_RST),boot:0x29 (SPI_FAST_FLASH_BOOT)
Saved PC:0x40375e84
SPIWP:0xee
mode:DIO, clock div:1
load:0x3fce2820,len:0x1918
load:0x403c8700,len:0x4
load:0x403c8704,len:0xe5c
load:0x403cb700,len:0x303c
entry 0x403c893c
[0;32mI (31) boot: ESP-IDF v5.3.1-dirty 2nd stage bootloader[0m
[0;32mI (31) boot: compile time Nov  4 2025 20:10:18[0m
[0;32mI (31) boot: Multicore bootloader[0m
[0;32mI (35) boot: chip revision: v0.2[0m
[0;32mI (39) qio_mode: Enabling default flash chip QIO[0m
[0;32mI (44) boot.esp32s3: Boot SPI Speed : 80MHz[0m
[0;32mI (49) boot.esp32s3: SPI Mode       : QIO[0m
[0;32mI (54) boot.esp32s3: SPI Flash Size : 16MB[0m
[0;32mI (58) boot: Enabling RNG early entropy source...[0m
[0;32mI (64) boot: Partition Table:[0m
[0;32mI (67) boot: ## Label            Usage          Type ST Offset   Length[0m
[0;32mI (75) boot:  0 nvs              WiFi data        01 02 00010000 00006000[0m
[0;32mI (82) boot:  1 fctry            WiFi data        01 02 00016000 00006000[0m
[0;32mI (90) boot:  2 factory          factory app      00 00 00020000 00400000[0m
[0;32mI (97) boot:  3 storage          Unknown data     01 82 00420000 00600000[0m
[0;32mI (104) boot:  4 model            Unknown data     01 82 00a20000 0050c000[0m
[0;32mI (112) boot: End of partition table[0m
[0;32mI (116) esp_image: segment 0: paddr=00020020 vaddr=3c0a0020 size=219f8h (137720) map[0m
[0;32mI (146) esp_image: segment 1: paddr=00041a20 vaddr=3fc96a00 size=05b84h ( 23428) load[0m
[0;32mI (150) esp_image: segment 2: paddr=000475ac vaddr=40374000 size=08a6ch ( 35436) load[0m
[0;32mI (158) esp_image: segment 3: paddr=00050020 vaddr=42000020 size=910d0h (594128) map[0m
[0;32mI (250) esp_image: segment 4: paddr=000e10f8 vaddr=4037ca6c size=09f00h ( 40704) load[0m
[0;32mI (266) boot: Loaded app from partition at offset 0x20000[0m
[0;32mI (266) boot: Disabling RNG early entropy source...[0m
[0;33mW (278) flash HPM: HPM mode is optional feature that depends on flash model. Read Docs First![0m
[0;33mW (278) flash HPM: HPM mode with DC adjustment is disabled. Some flash models may not be supported. Read Docs First![0m
[0;33mW (287) flash HPM: High performance mode of this flash model hasn't been supported.[0m
[0;32mI (296) MSPI Timing: Flash timing tuning index: 2[0m
[0;32mI (301) octal_psram: vendor id    : 0x0d (AP)[0m
[0;32mI (306) octal_psram: dev id       : 0x02 (generation 3)[0m
[0;32mI (312) octal_psram: density      : 0x03 (64 Mbit)[0m
[0;32mI (317) octal_psram: good-die     : 0x01 (Pass)[0m
[0;32mI (323) octal_psram: Latency      : 0x01 (Fixed)[0m
[0;32mI (328) octal_psram: VCC          : 0x01 (3V)[0m
[0;32mI (333) octal_psram: SRF          : 0x01 (Fast Refresh)[0m
[0;32mI (339) octal_psram: BurstType    : 0x01 (Hybrid Wrap)[0m
[0;32mI (345) octal_psram: BurstLen     : 0x01 (32 Byte)[0m
[0;32mI (350) octal_psram: Readlatency  : 0x02 (10 cycles@Fixed)[0m
[0;32mI (356) octal_psram: DriveStrength: 0x00 (1/1)[0m
[0;32mI (368) MSPI Timing: PSRAM timing tuning index: 1[0m
[0;32mI (368) esp_psram: Found 8MB PSRAM device[0m
[0;32mI (372) esp_psram: Speed: 120MHz[0m
[0;32mI (384) mmu_psram: Read only data copied and mapped to SPIRAM[0m
[0;32mI (420) mmu_psram: Instructions copied and mapped to SPIRAM[0m
[0;32mI (420) cpu_start: Multicore app[0m
[0;32mI (610) esp_psram: SPI SRAM memory test OK[0m
[0;32mI (619) cpu_start: Pro cpu start user code[0m
[0;32mI (619) cpu_start: cpu freq: 240000000 Hz[0m
[0;32mI (619) app_init: Application information:[0m
[0;32mI (622) app_init: Project name:     AI_toy[0m
[0;32mI (626) app_init: App version:      1[0m
[0;32mI (631) app_init: Compile time:     Nov  4 2025 21:32:56[0m
[0;32mI (637) app_init: ELF file SHA256:  5f04f9647...[0m
[0;32mI (642) app_init: ESP-IDF:          v5.3.1-dirty[0m
[0;32mI (647) efuse_init: Min chip rev:     v0.0[0m
[0;32mI (652) efuse_init: Max chip rev:     v0.99 [0m
[0;32mI (657) efuse_init: Chip rev:         v0.2[0m
[0;32mI (662) heap_init: Initializing. RAM available for dynamic allocation:[0m
[0;32mI (669) heap_init: At 3FCA0268 len 000494A8 (293 KiB): RAM[0m
[0;32mI (675) heap_init: At 3FCE9710 len 00005724 (21 KiB): RAM[0m
[0;32mI (681) heap_init: At 600FE100 len 00001EE8 (7 KiB): RTCRAM[0m
[0;32mI (688) esp_psram: Adding pool of 7360K of PSRAM memory to heap allocator[0m
[0;32mI (695) spi_flash: detected chip: generic[0m
[0;32mI (700) spi_flash: flash io: qio[0m
[0;32mI (704) sleep: Configure to isolate all GPIO pins in sleep state[0m
[0;32mI (710) sleep: Enable automatic switching of GPIO sleep configuration[0m
[0;32mI (717) coexist: coex firmware version: 4482466[0m
[0;32mI (738) coexist: coexist rom version e7ae62f[0m
[0;32mI (738) main_task: Started on CPU0[0m
[0;32mI (739) esp_psram: Reserving pool of 32K of internal memory for DMA/internal allocations[0m
[0;32mI (744) main_task: Calling app_main()[0m
ESP_ERROR_CHECK failed: esp_err_t 0x103 (ESP_ERR_INVALID_STATE) at 0x4202ab3f
file: "/IDF/components/esp_wifi/src/wifi_default.c" line 390
func: esp_netif_create_default_wifi_sta
expression: esp_wifi_set_default_wifi_sta_handlers()

abort() was called at PC 0x4037e017 on core 0


Backtrace: 0x40375f26:0x3fca3b60 0x4037e021:0x3fca3b80 0x40384752:0x3fca3ba0 0x4037e017:0x3fca3c10 0x4202ab3f:0x3fca3c40 0x4200b14e:0x3fca3c70 0x4200ac9f:0x3fca3e50 0x420903b7:0x3fca3e70




ELF file SHA256: 5f04f9647

Rebooting...
ï¿½ï¿½ï¿½ESP-ROM:esp32s3-20210327
Build:Mar 27 2021
rst:0xc (RTC_SW_CPU_RST),boot:0x29 (SPI_FAST_FLASH_BOOT)
Saved PC:0x40375e84
SPIWP:0xee
mode:DIO, clock div:1
load:0x3fce2820,len:0x1918
load:0x403c8700,len:0x4
load:0x403c8704,len:0xe5c
load:0x403cb700,len:0x303c
entry 0x403c893c
[0;32mI (31) boot: ESP-IDF v5.3.1-dirty 2nd stage bootloader[0m
[0;32mI (31) boot: compile time Nov  4 2025 20:10:18[0m
[0;32mI (31) boot: Multicore bootloader[0m
[0;32mI (35) boot: chip revision: v0.2[0m
[0;32mI (39) qio_mode: Enabling default flash chip QIO[0m
[0;32mI (44) boot.esp32s3: Boot SPI Speed : 80MHz[0m
[0;32mI (49) boot.esp32s3: SPI Mode       : QIO[0m
[0;32mI (54) boot.esp32s3: SPI Flash Size : 16MB[0m
[0;32mI (58) boot: Enabling RNG early entropy source...[0m
[0;32mI (64) boot: Partition Table:[0m
[0;32mI (67) boot: ## Label            Usage          Type ST Offset   Length[0m
[0;32mI (75) boot:  0 nvs              WiFi data        01 02 00010000 00006000[0m
[0;32mI (82) boot:  1 fctry            WiFi data        01 02 00016000 00006000[0m
[0;32mI (90) boot:  2 factory          factory app      00 00 00020000 00400000[0m
[0;32mI (97) boot:  3 storage          Unknown data     01 82 00420000 00600000[0m
[0;32mI (104) boot:  4 model            Unknown data     01 82 00a20000 0050c000[0m
[0;32mI (112) boot: End of partition table[0m
[0;32mI (116) esp_image: segment 0: paddr=00020020 vaddr=3c0a0020 size=219f8h (137720) map[0m
[0;32mI (146) esp_image: segment 1: paddr=00041a20 vaddr=3fc96a00 size=05b84h ( 23428) load[0m
[0;32mI (150) esp_image: segment 2: paddr=000475ac vaddr=40374000 size=08a6ch ( 35436) load[0m
[0;32mI (158) esp_image: segment 3: paddr=00050020 vaddr=42000020 size=910d0h (594128) map[0m
[0;32mI (250) esp_image: segment 4: paddr=000e10f8 vaddr=4037ca6c size=09f00h ( 40704) load[0m
[0;32mI (266) boot: Loaded app from partition at offset 0x20000[0m
[0;32mI (266) boot: Disabling RNG early entropy source...[0m
[0;33mW (278) flash HPM: HPM mode is optional feature that depends on flash model. Read Docs First![0m
[0;33mW (278) flash HPM: HPM mode with DC adjustment is disabled. Some flash models may not be supported. Read Docs First![0m
[0;33mW (287) flash HPM: High performance mode of this flash model hasn't been supported.[0m
[0;32mI (296) MSPI Timing: Flash timing tuning index: 2[0m
[0;32mI (301) octal_psram: vendor id    : 0x0d (AP)[0m
[0;32mI (306) octal_psram: dev id       : 0x02 (generation 3)[0m
[0;32mI (312) octal_psram: density      : 0x03 (64 Mbit)[0m
[0;32mI (317) octal_psram: good-die     : 0x01 (Pass)[0m
[0;32mI (323) octal_psram: Latency      : 0x01 (Fixed)[0m
[0;32mI (328) octal_psram: VCC          : 0x01 (3V)[0m
[0;32mI (333) octal_psram: SRF          : 0x01 (Fast Refresh)[0m
[0;32mI (339) octal_psram: BurstType    : 0x01 (Hybrid Wrap)[0m
[0;32mI (345) octal_psram: BurstLen     : 0x01 (32 Byte)[0m
[0;32mI (350) octal_psram: Readlatency  : 0x02 (10 cycles@Fixed)[0m
[0;32mI (356) octal_psram: DriveStrength: 0x00 (1/1)[0m
[0;32mI (368) MSPI Timing: PSRAM timing tuning index: 1[0m
[0;32mI (368) esp_psram: Found 8MB PSRAM device[0m
[0;32mI (372) esp_psram: Speed: 120MHz[0m
[0;32mI (384) mmu_psram: Read only data copied and mapped to SPIRAM[0m
[0;32mI (420) mmu_psram: Instructions copied and mapped to SPIRAM[0m
[0;32mI (420) cpu_start: Multicore app[0m
[0;32mI (610) esp_psram: SPI SRAM memory test OK[0m
[0;32mI (619) cpu_start: Pro cpu start user code[0m
[0;32mI (619) cpu_start: cpu freq: 240000000 Hz[0m
[0;32mI (619) app_init: Application information:[0m
[0;32mI (622) app_init: Project name:     AI_toy[0m
[0;32mI (626) app_init: App version:      1[0m
[0;32mI (631) app_init: Compile time:     Nov  4 2025 21:32:56[0m
[0;32mI (637) app_init: ELF file SHA256:  5f04f9647...[0m
[0;32mI (642) app_init: ESP-IDF:          v5.3.1-dirty[0m
[0;32mI (647) efuse_init: Min chip rev:     v0.0[0m
[0;32mI (652) efuse_init: Max chip rev:     v0.99 [0m
[0;32mI (657) efuse_init: Chip rev:         v0.2[0m
[0;32mI (662) heap_init: Initializing. RAM available for dynamic allocation:[0m
[0;32mI (669) heap_init: At 3FCA0268 len 000494A8 (293 KiB): RAM[0m
[0;32mI (675) heap_init: At 3FCE9710 len 00005724 (21 KiB): RAM[0m
[0;32mI (681) heap_init: At 600FE100 len 00001EE8 (7 KiB): RTCRAM[0m
[0;32mI (688) esp_psram: Adding pool of 7360K of PSRAM memory to heap allocator[0m
[0;32mI (695) spi_flash: detected chip: generic[0m
[0;32mI (700) spi_flash: flash io: qio[0m
[0;32mI (704) sleep: Configure to isolate all GPIO pins in sleep state[0m
[0;32mI (710) sleep: Enable automatic switching of GPIO sleep configuration[0m
[0;32mI (717) coexist: coex firmware version: 4482466[0m
[0;32mI (738) coexist: coexist rom version e7ae62f[0m
[0;32mI (738) main_task: Started on CPU0[0m
[0;32mI (739) esp_psram: Reserving pool of 32K of internal memory for DMA/internal allocations[0m
[0;32mI (744) main_task: Calling app_main()[0m
ESP_ERROR_CHECK failed: esp_err_t 0x103 (ESP_ERR_INVALID_STATE) at 0x4202ab3f
file: "/IDF/components/esp_wifi/src/wifi_default.c" line 390
func: esp_netif_create_default_wifi_sta
expression: esp_wifi_set_default_wifi_sta_handlers()

abort() was called at PC 0x4037e017 on core 0


Backtrace: 0x40375f26:0x3fca3b60 0x4037e021:0x3fca3b80 0x40384752:0x3fca3ba0 0x4037e017:0x3fca3c10 0x4202ab3f:0x3fca3c40 0x4200b14e:0x3fca3c70 0x4200ac9f:0x3fca3e50 0x420903b7:0x3fca3e70




ELF file SHA256: 5f04f9647

Rebooting...
ï¿½ï¿½ï¿½ESP-ROM:esp32s3-20210327
Build:Mar 27 2021
rst:0xc (RTC_SW_CPU_RST),boot:0x29 (SPI_FAST_FLASH_BOOT)
Saved PC:0x40375e84
SPIWP:0xee
mode:DIO, clock div:1
load:0x3fce2820,len:0x1918
load:0x403c8700,len:0x4
load:0x403c8704,len:0xe5c
load:0x403cb700,len:0x303c
entry 0x403c893c
[0;32mI (31) boot: ESP-IDF v5.3.1-dirty 2nd stage bootloader[0m
[0;32mI (31) boot: compile time Nov  4 2025 20:10:18[0m
[0;32mI (31) boot: Multicore bootloader[0m
[0;32mI (35) boot: chip revision: v0.2[0m
[0;32mI (39) qio_mode: Enabling default flash chip QIO[0m
[0;32mI (44) boot.esp32s3: Boot SPI Speed : 80MHz[0m
[0;32mI (49) boot.esp32s3: SPI Mode       : QIO[0m
[0;32mI (54) boot.esp32s3: SPI Flash Size : 16MB[0m
[0;32mI (58) boot: Enabling RNG early entropy source...[0m
[0;32mI (64) boot: Partition Table:[0m
[0;32mI (67) boot: ## Label            Usage          Type ST Offset   Length[0m
[0;32mI (75) boot:  0 nvs              WiFi data        01 02 00010000 00006000[0m
[0;32mI (82) boot:  1 fctry            WiFi data        01 02 00016000 00006000[0m
[0;32mI (90) boot:  2 factory          factory app      00 00 00020000 00400000[0m
[0;32mI (97) boot:  3 storage          Unknown data     01 82 00420000 00600000[0m
[0;32mI (104) boot:  4 model            Unknown data     01 82 00a20000 0050c000[0m
[0;32mI (112) boot: End of partition table[0m
[0;32mI (116) esp_image: segment 0: paddr=00020020 vaddr=3c0a0020 size=219f8h (137720) map[0m
[0;32mI (146) esp_image: segment 1: paddr=00041a20 vaddr=3fc96a00 size=05b84h ( 23428) load[0m
[0;32mI (150) esp_image: segment 2: paddr=000475ac vaddr=40374000 size=08a6ch ( 35436) load[0m
[0;32mI (158) esp_image: segment 3: paddr=00050020 vaddr=42000020 size=910d0h (594128) map[0m
[0;32mI (250) esp_image: segment 4: paddr=000e10f8 vaddr=4037ca6c size=09f00h ( 40704) load[0m
[0;32mI (266) boot: Loaded app from partition at offset 0x20000[0m
[0;32mI (266) boot: Disabling RNG early entropy source...[0m
[0;33mW (278) flash HPM: HPM mode is optional feature that depends on flash model. Read Docs First![0m
[0;33mW (278) flash HPM: HPM mode with DC adjustment is disabled. Some flash models may not be supported. Read Docs First![0m
[0;33mW (287) flash HPM: High performance mode of this flash model hasn't been supported.[0m
[0;32mI (296) MSPI Timing: Flash timing tuning index: 2[0m
[0;32mI (301) octal_psram: vendor id    : 0x0d (AP)[0m
[0;32mI (306) octal_psram: dev id       : 0x02 (generation 3)[0m
[0;32mI (312) octal_psram: density      : 0x03 (64 Mbit)[0m
[0;32mI (317) octal_psram: good-die     : 0x01 (Pass)[0m
[0;32mI (323) octal_psram: Latency      : 0x01 (Fixed)[0m
[0;32mI (328) octal_psram: VCC          : 0x01 (3V)[0m
[0;32mI (333) octal_psram: SRF          : 0x01 (Fast Refresh)[0m
[0;32mI (339) octal_psram: BurstType    : 0x01 (Hybrid Wrap)[0m
[0;32mI (345) octal_psram: BurstLen     : 0x01 (32 Byte)[0m
[0;32mI (350) octal_psram: Readlatency  : 0x02 (10 cycles@Fixed)[0m
[0;32mI (356) octal_psram: DriveStrength: 0x00 (1/1)[0m
[0;32mI (368) MSPI Timing: PSRAM timing tuning index: 1[0m
[0;32mI (368) esp_psram: Found 8MB PSRAM device[0m
[0;32mI (372) esp_psram: Speed: 120MHz[0m
[0;32mI (384) mmu_psram: Read only data copied and mapped to SPIRAM[0m
[0;32mI (420) mmu_psram: Instructions copied and mapped to SPIRAM[0m
